SANITY: M1=1.05 M2=33.97 Mjoint13=66.71
DR2 EINF: logE-infl(s=0.02)=0.203
DR2 FPR02: logE-infl(s=0.02)=0.069
DR2 FPR50: logE-infl(s=0.02)=0.152
DR2 MLE: logE-infl(s=0.02)=0.051
DR1 EINF: logE-infl(s=0.02)=0.009
DR1 FPR02: logE-infl(s=0.02)=-0.002
DR1 FPR50: logE-infl(s=0.02)=-0.004
DR1 MLE: logE-infl(s=0.02)=0.001
  500/4000  [35s]
  1000/4000  [44s]
  1500/4000  [53s]
  2000/4000  [61s]
  2500/4000  [71s]
  3000/4000  [81s]
  3500/4000  [91s]
  4000/4000  [101s]

BASELINE s=0: JOINT13=3/4000=0.0008  FAMINF=2/4000=0.0005  AVG=3/4000=0.0008  M2=2/4000=0.0005  M1=2/4000=0.0005

================ allocation: bias in DR2 ================
    s        row |   JOINT13    FAMINF       AVG        M2        M1
 0.01    ADVbest |    0.0008    0.0005    0.0008    0.0005    0.0005
 0.01   rand_med |    0.0008    0.0005    0.0008    0.0005    0.0005
 0.01   rand_max |    0.0008    0.0005    0.0008    0.0005    0.0005
 0.01      UNIF* |    0.0008    0.0005    0.0008    0.0005    0.0005
 0.01      SIGN* |    0.0008    0.0005    0.0008    0.0005    0.0005
 0.02    ADVbest |    0.0008    0.0005    0.0008    0.0005    0.0005
 0.02   rand_med |    0.0008    0.0005    0.0008    0.0005    0.0005
 0.02   rand_max |    0.0008    0.0005    0.0008    0.0005    0.0005
 0.02      UNIF* |    0.0008    0.0005    0.0008    0.0005    0.0005
 0.02      SIGN* |    0.0008    0.0005    0.0008    0.0005    0.0005
 0.05    ADVbest |    0.0008    0.0005    0.0008    0.0005    0.0005
 0.05   rand_med |    0.0008    0.0005    0.0008    0.0005    0.0005
 0.05   rand_max |    0.0008    0.0005    0.0008    0.0005    0.0005
 0.05      UNIF* |    0.0008    0.0005    0.0010    0.0008    0.0005
 0.05      SIGN* |    0.0008    0.0005    0.0010    0.0008    0.0005
 0.10    ADVbest |    0.0008    0.0005    0.0008    0.0008    0.0005
 0.10   rand_med |    0.0008    0.0005    0.0008    0.0005    0.0005
 0.10   rand_max |    0.0008    0.0005    0.0008    0.0005    0.0005
 0.10      UNIF* |    0.0010    0.0010    0.0013    0.0013    0.0005
 0.10      SIGN* |    0.0013    0.0010    0.0010    0.0015    0.0005
 0.25    ADVbest |    0.0013    0.0010    0.0010    0.0010    0.0005
 0.25   rand_med |    0.0008    0.0005    0.0008    0.0005    0.0005
 0.25   rand_max |    0.0010    0.0005    0.0010    0.0010    0.0005
 0.25      UNIF* |    0.0047    0.0022    0.0035    0.0037    0.0005
 0.25      SIGN* |    0.0037    0.0027    0.0030    0.0030    0.0005
 0.50 ADVbest (EXT) |    0.0025    0.0015    0.0020    0.0022    0.0005
 0.50   rand_med |    0.0008    0.0005    0.0008    0.0008    0.0005
 0.50   rand_max |    0.0018    0.0008    0.0018    0.0020    0.0005
 0.50      UNIF* |    0.0365    0.0265    0.0278    0.0385    0.0005
 0.50      SIGN* |    0.0285    0.0192    0.0213    0.0295    0.0005
 1.00 ADVbest (EXT) |    0.0075    0.0055    0.0053    0.0077    0.0005
 1.00   rand_med |    0.0009    0.0006    0.0011    0.0011    0.0005
 1.00   rand_max |    0.0050    0.0035    0.0040    0.0053    0.0005
 1.00      UNIF* |    0.5560    0.3417    0.5018    0.5727    0.0005
 1.00      SIGN* |    0.4467    0.2752    0.3995    0.4720    0.0005
 2.00 ADVbest (EXT) |    0.0932    0.0565    0.0688    0.0930    0.0005
 2.00   rand_med |    0.0034    0.0018    0.0024    0.0031    0.0005
 2.00   rand_max |    0.0467    0.0297    0.0310    0.0447    0.0005
 2.00      UNIF* |    1.0000    0.9952    1.0000    1.0000    0.0005
 2.00      SIGN* |    1.0000    0.9865    1.0000    1.0000    0.0005

================ allocation: bias in DR1 ================
    s        row |   JOINT13    FAMINF       AVG        M2        M1
 0.01    ADVbest |    0.0008    0.0005    0.0008    0.0005    0.0005
 0.01   rand_med |    0.0008    0.0005    0.0008    0.0005    0.0005
 0.01   rand_max |    0.0008    0.0005    0.0008    0.0005    0.0005
 0.01      UNIF* |    0.0008    0.0005    0.0008    0.0005    0.0005
 0.01      SIGN* |    0.0008    0.0005    0.0008    0.0005    0.0005
 0.02    ADVbest |    0.0008    0.0005    0.0008    0.0005    0.0005
 0.02   rand_med |    0.0008    0.0005    0.0008    0.0005    0.0005
 0.02   rand_max |    0.0008    0.0005    0.0008    0.0005    0.0005
 0.02      UNIF* |    0.0008    0.0005    0.0008    0.0005    0.0005
 0.02      SIGN* |    0.0008    0.0005    0.0008    0.0005    0.0005
 0.05    ADVbest |    0.0008    0.0005    0.0008    0.0005    0.0005
 0.05   rand_med |    0.0008    0.0005    0.0008    0.0005    0.0005
 0.05   rand_max |    0.0008    0.0005    0.0008    0.0005    0.0005
 0.05      UNIF* |    0.0008    0.0005    0.0008    0.0005    0.0008
 0.05      SIGN* |    0.0008    0.0005    0.0008    0.0005    0.0005
 0.10    ADVbest |    0.0008    0.0005    0.0008    0.0005    0.0005
 0.10   rand_med |    0.0008    0.0005    0.0008    0.0005    0.0005
 0.10   rand_max |    0.0008    0.0005    0.0008    0.0005    0.0008
 0.10      UNIF* |    0.0008    0.0005    0.0005    0.0005    0.0010
 0.10      SIGN* |    0.0008    0.0005    0.0008    0.0005    0.0005
 0.25    ADVbest |    0.0008    0.0005    0.0008    0.0005    0.0010
 0.25   rand_med |    0.0008    0.0005    0.0008    0.0005    0.0006
 0.25   rand_max |    0.0008    0.0005    0.0008    0.0005    0.0013
 0.25      UNIF* |    0.0008    0.0005    0.0015    0.0005    0.0027
 0.25      SIGN* |    0.0008    0.0005    0.0008    0.0005    0.0013
 0.50 ADVbest (EXT) |    0.0008    0.0005    0.0010    0.0005    0.0013
 0.50   rand_med |    0.0008    0.0005    0.0008    0.0005    0.0010
 0.50   rand_max |    0.0008    0.0005    0.0010    0.0005    0.0018
 0.50      UNIF* |    0.0008    0.0008    0.0075    0.0005    0.0130
 0.50      SIGN* |    0.0005    0.0003    0.0010    0.0005    0.0018
 1.00 ADVbest (EXT) |    0.0008    0.0005    0.0018    0.0005    0.0027
 1.00   rand_med |    0.0008    0.0005    0.0008    0.0005    0.0010
 1.00   rand_max |    0.0008    0.0005    0.0020    0.0005    0.0037
 1.00      UNIF* |    0.0008    0.0005    0.0998    0.0005    0.1365
 1.00      SIGN* |    0.0010    0.0005    0.0020    0.0005    0.0025
 2.00 ADVbest (EXT) |    0.0008    0.0005    0.0085    0.0005    0.0145
 2.00   rand_med |    0.0008    0.0005    0.0014    0.0005    0.0020
 2.00   rand_max |    0.0008    0.0005    0.0090    0.0005    0.0168
 2.00      UNIF* |    0.0008    0.0003    0.8475    0.0005    0.8910
 2.00      SIGN* |    0.0022    0.0008    0.0063    0.0005    0.0107

(* UNIF/SIGN rows: every matched bin shifted by s of its own DR2 sigma —
   sigma-norm s*sqrt(11) = 3.32s; unit-norm rows have total sigma-norm s.)

total 101s
